[
    {
        "entrypoint": "sampleAction.js",
        "dependencies": [
            "bm-onboarding-list-users",
            "bm-onboarding-get-user"
        ]
    }
]